make -C src/lib/data-chan/Device lib
make[1]: Entering directory '/home/s/Desktop/hall-firmware-v2/src/lib/data-chan/Device'
Executing "make lib" on all LUFA library elements.

make -C Bootstrap lib
make[2]: Entering directory '/home/s/Desktop/hall-firmware-v2/src/lib/data-chan/Device/Bootstrap'
 [GCC]     : Compiling C file "main.c"
avr-gcc -c -pipe -gdwarf-2 -g2 -mmcu=atmega32u4 -fshort-enums -fno-inline-small-functions -fpack-struct -Wall -fno-strict-aliasing -funsigned-char -funsigned-bitfields -ffunction-sections -I. -DARCH=ARCH_AVR8 -DF_CPU=16000000UL -mrelax -fno-jump-tables -x c -Os -std=gnu99 -Wstrict-prototypes -DUSE_LUFA_CONFIG_HEADER -IConfig/ -I. -DARDUINOLIB  -I. -I../lufa/LUFA/.. -DARCH=ARCH_AVR8 -DBOARD=BOARD_USBKEY -DF_USB=16000000UL  -MMD -MP -MF obj/main.d main.c -o obj/main.o
 [GCC]     : Compiling C file "Descriptors.c"
avr-gcc -c -pipe -gdwarf-2 -g2 -mmcu=atmega32u4 -fshort-enums -fno-inline-small-functions -fpack-struct -Wall -fno-strict-aliasing -funsigned-char -funsigned-bitfields -ffunction-sections -I. -DARCH=ARCH_AVR8 -DF_CPU=16000000UL -mrelax -fno-jump-tables -x c -Os -std=gnu99 -Wstrict-prototypes -DUSE_LUFA_CONFIG_HEADER -IConfig/ -I. -DARDUINOLIB  -I. -I../lufa/LUFA/.. -DARCH=ARCH_AVR8 -DBOARD=BOARD_USBKEY -DF_USB=16000000UL  -MMD -MP -MF obj/Descriptors.d Descriptors.c -o obj/Descriptors.o
 [GCC]     : Compiling C file "datachan.c"
avr-gcc -c -pipe -gdwarf-2 -g2 -mmcu=atmega32u4 -fshort-enums -fno-inline-small-functions -fpack-struct -Wall -fno-strict-aliasing -funsigned-char -funsigned-bitfields -ffunction-sections -I. -DARCH=ARCH_AVR8 -DF_CPU=16000000UL -mrelax -fno-jump-tables -x c -Os -std=gnu99 -Wstrict-prototypes -DUSE_LUFA_CONFIG_HEADER -IConfig/ -I. -DARDUINOLIB  -I. -I../lufa/LUFA/.. -DARCH=ARCH_AVR8 -DBOARD=BOARD_USBKEY -DF_USB=16000000UL  -MMD -MP -MF obj/datachan.d datachan.c -o obj/datachan.o
 [GCC]     : Compiling C file "Settings.c"
avr-gcc -c -pipe -gdwarf-2 -g2 -mmcu=atmega32u4 -fshort-enums -fno-inline-small-functions -fpack-struct -Wall -fno-strict-aliasing -funsigned-char -funsigned-bitfields -ffunction-sections -I. -DARCH=ARCH_AVR8 -DF_CPU=16000000UL -mrelax -fno-jump-tables -x c -Os -std=gnu99 -Wstrict-prototypes -DUSE_LUFA_CONFIG_HEADER -IConfig/ -I. -DARDUINOLIB  -I. -I../lufa/LUFA/.. -DARCH=ARCH_AVR8 -DBOARD=BOARD_USBKEY -DF_USB=16000000UL  -MMD -MP -MF obj/Settings.d Settings.c -o obj/Settings.o
 [GCC]     : Compiling C file "Custom.c"
avr-gcc -c -pipe -gdwarf-2 -g2 -mmcu=atmega32u4 -fshort-enums -fno-inline-small-functions -fpack-struct -Wall -fno-strict-aliasing -funsigned-char -funsigned-bitfields -ffunction-sections -I. -DARCH=ARCH_AVR8 -DF_CPU=16000000UL -mrelax -fno-jump-tables -x c -Os -std=gnu99 -Wstrict-prototypes -DUSE_LUFA_CONFIG_HEADER -IConfig/ -I. -DARDUINOLIB  -I. -I../lufa/LUFA/.. -DARCH=ARCH_AVR8 -DBOARD=BOARD_USBKEY -DF_USB=16000000UL  -MMD -MP -MF obj/Custom.d Custom.c -o obj/Custom.o
 [GCC]     : Compiling C file "HIDParser.c"
avr-gcc -c -pipe -gdwarf-2 -g2 -mmcu=atmega32u4 -fshort-enums -fno-inline-small-functions -fpack-struct -Wall -fno-strict-aliasing -funsigned-char -funsigned-bitfields -ffunction-sections -I. -DARCH=ARCH_AVR8 -DF_CPU=16000000UL -mrelax -fno-jump-tables -x c -Os -std=gnu99 -Wstrict-prototypes -DUSE_LUFA_CONFIG_HEADER -IConfig/ -I. -DARDUINOLIB  -I. -I../lufa/LUFA/.. -DARCH=ARCH_AVR8 -DBOARD=BOARD_USBKEY -DF_USB=16000000UL  -MMD -MP -MF obj/HIDParser.d ../lufa/LUFA/Drivers/USB/Class/Common/HIDParser.c -o obj/HIDParser.o
 [GCC]     : Compiling C file "Device_AVR8.c"
avr-gcc -c -pipe -gdwarf-2 -g2 -mmcu=atmega32u4 -fshort-enums -fno-inline-small-functions -fpack-struct -Wall -fno-strict-aliasing -funsigned-char -funsigned-bitfields -ffunction-sections -I. -DARCH=ARCH_AVR8 -DF_CPU=16000000UL -mrelax -fno-jump-tables -x c -Os -std=gnu99 -Wstrict-prototypes -DUSE_LUFA_CONFIG_HEADER -IConfig/ -I. -DARDUINOLIB  -I. -I../lufa/LUFA/.. -DARCH=ARCH_AVR8 -DBOARD=BOARD_USBKEY -DF_USB=16000000UL  -MMD -MP -MF obj/Device_AVR8.d ../lufa/LUFA/Drivers/USB/Core/AVR8/Device_AVR8.c -o obj/Device_AVR8.o
 [GCC]     : Compiling C file "EndpointStream_AVR8.c"
avr-gcc -c -pipe -gdwarf-2 -g2 -mmcu=atmega32u4 -fshort-enums -fno-inline-small-functions -fpack-struct -Wall -fno-strict-aliasing -funsigned-char -funsigned-bitfields -ffunction-sections -I. -DARCH=ARCH_AVR8 -DF_CPU=16000000UL -mrelax -fno-jump-tables -x c -Os -std=gnu99 -Wstrict-prototypes -DUSE_LUFA_CONFIG_HEADER -IConfig/ -I. -DARDUINOLIB  -I. -I../lufa/LUFA/.. -DARCH=ARCH_AVR8 -DBOARD=BOARD_USBKEY -DF_USB=16000000UL  -MMD -MP -MF obj/EndpointStream_AVR8.d ../lufa/LUFA/Drivers/USB/Core/AVR8/EndpointStream_AVR8.c -o obj/EndpointStream_AVR8.o
 [GCC]     : Compiling C file "Endpoint_AVR8.c"
avr-gcc -c -pipe -gdwarf-2 -g2 -mmcu=atmega32u4 -fshort-enums -fno-inline-small-functions -fpack-struct -Wall -fno-strict-aliasing -funsigned-char -funsigned-bitfields -ffunction-sections -I. -DARCH=ARCH_AVR8 -DF_CPU=16000000UL -mrelax -fno-jump-tables -x c -Os -std=gnu99 -Wstrict-prototypes -DUSE_LUFA_CONFIG_HEADER -IConfig/ -I. -DARDUINOLIB  -I. -I../lufa/LUFA/.. -DARCH=ARCH_AVR8 -DBOARD=BOARD_USBKEY -DF_USB=16000000UL  -MMD -MP -MF obj/Endpoint_AVR8.d ../lufa/LUFA/Drivers/USB/Core/AVR8/Endpoint_AVR8.c -o obj/Endpoint_AVR8.o
 [GCC]     : Compiling C file "Host_AVR8.c"
avr-gcc -c -pipe -gdwarf-2 -g2 -mmcu=atmega32u4 -fshort-enums -fno-inline-small-functions -fpack-struct -Wall -fno-strict-aliasing -funsigned-char -funsigned-bitfields -ffunction-sections -I. -DARCH=ARCH_AVR8 -DF_CPU=16000000UL -mrelax -fno-jump-tables -x c -Os -std=gnu99 -Wstrict-prototypes -DUSE_LUFA_CONFIG_HEADER -IConfig/ -I. -DARDUINOLIB  -I. -I../lufa/LUFA/.. -DARCH=ARCH_AVR8 -DBOARD=BOARD_USBKEY -DF_USB=16000000UL  -MMD -MP -MF obj/Host_AVR8.d ../lufa/LUFA/Drivers/USB/Core/AVR8/Host_AVR8.c -o obj/Host_AVR8.o
 [GCC]     : Compiling C file "PipeStream_AVR8.c"
avr-gcc -c -pipe -gdwarf-2 -g2 -mmcu=atmega32u4 -fshort-enums -fno-inline-small-functions -fpack-struct -Wall -fno-strict-aliasing -funsigned-char -funsigned-bitfields -ffunction-sections -I. -DARCH=ARCH_AVR8 -DF_CPU=16000000UL -mrelax -fno-jump-tables -x c -Os -std=gnu99 -Wstrict-prototypes -DUSE_LUFA_CONFIG_HEADER -IConfig/ -I. -DARDUINOLIB  -I. -I../lufa/LUFA/.. -DARCH=ARCH_AVR8 -DBOARD=BOARD_USBKEY -DF_USB=16000000UL  -MMD -MP -MF obj/PipeStream_AVR8.d ../lufa/LUFA/Drivers/USB/Core/AVR8/PipeStream_AVR8.c -o obj/PipeStream_AVR8.o
 [GCC]     : Compiling C file "Pipe_AVR8.c"
avr-gcc -c -pipe -gdwarf-2 -g2 -mmcu=atmega32u4 -fshort-enums -fno-inline-small-functions -fpack-struct -Wall -fno-strict-aliasing -funsigned-char -funsigned-bitfields -ffunction-sections -I. -DARCH=ARCH_AVR8 -DF_CPU=16000000UL -mrelax -fno-jump-tables -x c -Os -std=gnu99 -Wstrict-prototypes -DUSE_LUFA_CONFIG_HEADER -IConfig/ -I. -DARDUINOLIB  -I. -I../lufa/LUFA/.. -DARCH=ARCH_AVR8 -DBOARD=BOARD_USBKEY -DF_USB=16000000UL  -MMD -MP -MF obj/Pipe_AVR8.d ../lufa/LUFA/Drivers/USB/Core/AVR8/Pipe_AVR8.c -o obj/Pipe_AVR8.o
 [GCC]     : Compiling C file "USBController_AVR8.c"
avr-gcc -c -pipe -gdwarf-2 -g2 -mmcu=atmega32u4 -fshort-enums -fno-inline-small-functions -fpack-struct -Wall -fno-strict-aliasing -funsigned-char -funsigned-bitfields -ffunction-sections -I. -DARCH=ARCH_AVR8 -DF_CPU=16000000UL -mrelax -fno-jump-tables -x c -Os -std=gnu99 -Wstrict-prototypes -DUSE_LUFA_CONFIG_HEADER -IConfig/ -I. -DARDUINOLIB  -I. -I../lufa/LUFA/.. -DARCH=ARCH_AVR8 -DBOARD=BOARD_USBKEY -DF_USB=16000000UL  -MMD -MP -MF obj/USBController_AVR8.d ../lufa/LUFA/Drivers/USB/Core/AVR8/USBController_AVR8.c -o obj/USBController_AVR8.o
 [GCC]     : Compiling C file "USBInterrupt_AVR8.c"
avr-gcc -c -pipe -gdwarf-2 -g2 -mmcu=atmega32u4 -fshort-enums -fno-inline-small-functions -fpack-struct -Wall -fno-strict-aliasing -funsigned-char -funsigned-bitfields -ffunction-sections -I. -DARCH=ARCH_AVR8 -DF_CPU=16000000UL -mrelax -fno-jump-tables -x c -Os -std=gnu99 -Wstrict-prototypes -DUSE_LUFA_CONFIG_HEADER -IConfig/ -I. -DARDUINOLIB  -I. -I../lufa/LUFA/.. -DARCH=ARCH_AVR8 -DBOARD=BOARD_USBKEY -DF_USB=16000000UL  -MMD -MP -MF obj/USBInterrupt_AVR8.d ../lufa/LUFA/Drivers/USB/Core/AVR8/USBInterrupt_AVR8.c -o obj/USBInterrupt_AVR8.o
 [GCC]     : Compiling C file "ConfigDescriptors.c"
avr-gcc -c -pipe -gdwarf-2 -g2 -mmcu=atmega32u4 -fshort-enums -fno-inline-small-functions -fpack-struct -Wall -fno-strict-aliasing -funsigned-char -funsigned-bitfields -ffunction-sections -I. -DARCH=ARCH_AVR8 -DF_CPU=16000000UL -mrelax -fno-jump-tables -x c -Os -std=gnu99 -Wstrict-prototypes -DUSE_LUFA_CONFIG_HEADER -IConfig/ -I. -DARDUINOLIB  -I. -I../lufa/LUFA/.. -DARCH=ARCH_AVR8 -DBOARD=BOARD_USBKEY -DF_USB=16000000UL  -MMD -MP -MF obj/ConfigDescriptors.d ../lufa/LUFA/Drivers/USB/Core/ConfigDescriptors.c -o obj/ConfigDescriptors.o
 [GCC]     : Compiling C file "DeviceStandardReq.c"
avr-gcc -c -pipe -gdwarf-2 -g2 -mmcu=atmega32u4 -fshort-enums -fno-inline-small-functions -fpack-struct -Wall -fno-strict-aliasing -funsigned-char -funsigned-bitfields -ffunction-sections -I. -DARCH=ARCH_AVR8 -DF_CPU=16000000UL -mrelax -fno-jump-tables -x c -Os -std=gnu99 -Wstrict-prototypes -DUSE_LUFA_CONFIG_HEADER -IConfig/ -I. -DARDUINOLIB  -I. -I../lufa/LUFA/.. -DARCH=ARCH_AVR8 -DBOARD=BOARD_USBKEY -DF_USB=16000000UL  -MMD -MP -MF obj/DeviceStandardReq.d ../lufa/LUFA/Drivers/USB/Core/DeviceStandardReq.c -o obj/DeviceStandardReq.o
 [GCC]     : Compiling C file "Events.c"
avr-gcc -c -pipe -gdwarf-2 -g2 -mmcu=atmega32u4 -fshort-enums -fno-inline-small-functions -fpack-struct -Wall -fno-strict-aliasing -funsigned-char -funsigned-bitfields -ffunction-sections -I. -DARCH=ARCH_AVR8 -DF_CPU=16000000UL -mrelax -fno-jump-tables -x c -Os -std=gnu99 -Wstrict-prototypes -DUSE_LUFA_CONFIG_HEADER -IConfig/ -I. -DARDUINOLIB  -I. -I../lufa/LUFA/.. -DARCH=ARCH_AVR8 -DBOARD=BOARD_USBKEY -DF_USB=16000000UL  -MMD -MP -MF obj/Events.d ../lufa/LUFA/Drivers/USB/Core/Events.c -o obj/Events.o
 [GCC]     : Compiling C file "HostStandardReq.c"
avr-gcc -c -pipe -gdwarf-2 -g2 -mmcu=atmega32u4 -fshort-enums -fno-inline-small-functions -fpack-struct -Wall -fno-strict-aliasing -funsigned-char -funsigned-bitfields -ffunction-sections -I. -DARCH=ARCH_AVR8 -DF_CPU=16000000UL -mrelax -fno-jump-tables -x c -Os -std=gnu99 -Wstrict-prototypes -DUSE_LUFA_CONFIG_HEADER -IConfig/ -I. -DARDUINOLIB  -I. -I../lufa/LUFA/.. -DARCH=ARCH_AVR8 -DBOARD=BOARD_USBKEY -DF_USB=16000000UL  -MMD -MP -MF obj/HostStandardReq.d ../lufa/LUFA/Drivers/USB/Core/HostStandardReq.c -o obj/HostStandardReq.o
 [GCC]     : Compiling C file "USBTask.c"
avr-gcc -c -pipe -gdwarf-2 -g2 -mmcu=atmega32u4 -fshort-enums -fno-inline-small-functions -fpack-struct -Wall -fno-strict-aliasing -funsigned-char -funsigned-bitfields -ffunction-sections -I. -DARCH=ARCH_AVR8 -DF_CPU=16000000UL -mrelax -fno-jump-tables -x c -Os -std=gnu99 -Wstrict-prototypes -DUSE_LUFA_CONFIG_HEADER -IConfig/ -I. -DARDUINOLIB  -I. -I../lufa/LUFA/.. -DARCH=ARCH_AVR8 -DBOARD=BOARD_USBKEY -DF_USB=16000000UL  -MMD -MP -MF obj/USBTask.d ../lufa/LUFA/Drivers/USB/Core/USBTask.c -o obj/USBTask.o
 [AR]      : Archiving object files into "libdatachan.a"
avr-ar rcs libdatachan.a obj/main.o obj/Descriptors.o obj/datachan.o obj/Settings.o obj/Custom.o obj/HIDParser.o obj/Device_AVR8.o obj/EndpointStream_AVR8.o obj/Endpoint_AVR8.o obj/Host_AVR8.o obj/PipeStream_AVR8.o obj/Pipe_AVR8.o obj/USBController_AVR8.o obj/USBInterrupt_AVR8.o obj/ConfigDescriptors.o obj/DeviceStandardReq.o obj/Events.o obj/HostStandardReq.o obj/USBTask.o
make[2]: Leaving directory '/home/s/Desktop/hall-firmware-v2/src/lib/data-chan/Device/Bootstrap'

LUFA "make lib" operation complete.
make[1]: Leaving directory '/home/s/Desktop/hall-firmware-v2/src/lib/data-chan/Device'
